###############################################################################
#
# IAR ELF Linker V8.10.1.12857/W32 for ARM                18/Apr/2017  15:31:33
# Copyright 2007-2017 IAR Systems AB.
#
#    Output file  =  D:\git\STM32F103CBT6\LED\EWARM\LED\Exe\LED.out
#    Map file     =  D:\git\STM32F103CBT6\LED\EWARM\LED\List\LED.map
#    Command line =  
#        -f C:\Users\sorokin\AppData\Local\Temp\EWCDAD.tmp
#        (D:\git\STM32F103CBT6\LED\EWARM\LED\Obj\main.o
#        D:\git\STM32F103CBT6\LED\EWARM\LED\Obj\startup_stm32f103xb.o
#        D:\git\STM32F103CBT6\LED\EWARM\LED\Obj\stm32f1xx_hal.o
#        D:\git\STM32F103CBT6\LED\EWARM\LED\Obj\stm32f1xx_hal_cortex.o
#        D:\git\STM32F103CBT6\LED\EWARM\LED\Obj\stm32f1xx_hal_dma.o
#        D:\git\STM32F103CBT6\LED\EWARM\LED\Obj\stm32f1xx_hal_flash.o
#        D:\git\STM32F103CBT6\LED\EWARM\LED\Obj\stm32f1xx_hal_flash_ex.o
#        D:\git\STM32F103CBT6\LED\EWARM\LED\Obj\stm32f1xx_hal_gpio.o
#        D:\git\STM32F103CBT6\LED\EWARM\LED\Obj\stm32f1xx_hal_gpio_ex.o
#        D:\git\STM32F103CBT6\LED\EWARM\LED\Obj\stm32f1xx_hal_msp.o
#        D:\git\STM32F103CBT6\LED\EWARM\LED\Obj\stm32f1xx_hal_pwr.o
#        D:\git\STM32F103CBT6\LED\EWARM\LED\Obj\stm32f1xx_hal_rcc.o
#        D:\git\STM32F103CBT6\LED\EWARM\LED\Obj\stm32f1xx_hal_rcc_ex.o
#        D:\git\STM32F103CBT6\LED\EWARM\LED\Obj\stm32f1xx_it.o
#        D:\git\STM32F103CBT6\LED\EWARM\LED\Obj\system_stm32f1xx.o --redirect
#        _Printf=_PrintfFull --redirect _Scanf=_ScanfFull -o
#        D:\git\STM32F103CBT6\LED\EWARM\LED\Exe\LED.out --map
#        D:\git\STM32F103CBT6\LED\EWARM\LED\List\LED.map --config
#        D:\git\STM32F103CBT6\LED\EWARM/stm32f103xb_flash.icf --semihosting
#        --entry __iar_program_start --vfe --text_out locale)
#
###############################################################################

*******************************************************************************
*** RUNTIME MODEL ATTRIBUTES
***

CppFlavor       = *
__SystemLibrary = DLib
__dlib_version  = 6


*******************************************************************************
*** HEAP SELECTION
***

The basic heap was selected because no calls to memory allocation
functions were found in the application outside of system library
functions, and there are calls to deallocation functions in the
application.


*******************************************************************************
*** PLACEMENT SUMMARY
***

"A0":  place at 0x08000000 { ro section .intvec };
"P1":  place in [from 0x08000000 to 0x0801ffff] { ro };
"P2":  place in [from 0x20000000 to 0x20004fff] { rw, block CSTACK, block HEAP };
initialize by copy { rw };

  Section            Kind        Address   Size  Object
  -------            ----        -------   ----  ------
"A0":                                      0xec
  .intvec            ro code  0x08000000   0xec  startup_stm32f103xb.o [1]
                            - 0x080000ec   0xec

"P1":                                     0x8e8
  .text              ro code  0x080000ec  0x4ae  stm32f1xx_hal_rcc.o [1]
  .text              ro code  0x0800059c    0xc  stm32f1xx_hal.o [1]
  .text              ro code  0x080005a8   0x18  stm32f1xx_hal.o [1]
  .text              ro code  0x080005c0   0x24  stm32f1xx_hal.o [1]
  .text              ro code  0x080005e4   0xca  stm32f1xx_hal_cortex.o [1]
  .text              ro code  0x080006b0   0x80  main.o [1]
  .text              ro code  0x08000730   0x24  stm32f1xx_hal.o [1]
  .text              ro code  0x08000754   0x78  stm32f1xx_hal_msp.o [1]
  .text              ro code  0x080007cc   0x5c  system_stm32f1xx.o [1]
  .text              ro code  0x08000828   0x2c  copy_init3.o [4]
  .text              ro code  0x08000854   0x28  data_init.o [4]
  .iar.init_table    const    0x0800087c   0x14  - Linker created -
  .text              ro code  0x08000890   0x1e  stm32f1xx_it.o [1]
  .text              ro code  0x080008b0   0x10  stm32f1xx_hal.o [1]
  .text              ro code  0x080008c0   0x1a  cmain.o [4]
  .text              ro code  0x080008da    0x4  low_level_init.o [3]
  .text              ro code  0x080008de    0x4  exit.o [3]
  .text              ro code  0x080008e4    0xa  cexit.o [4]
  .text              ro code  0x080008f0   0x14  exit.o [5]
  .text              ro code  0x08000904   0x10  startup_stm32f103xb.o [1]
  .text              ro code  0x08000914    0xc  cstartup_M.o [4]
  Initializer bytes  const    0x08000920    0x8  <for P2-1>
  .text              ro code  0x08000928    0x4  startup_stm32f103xb.o [1]
  .text              ro code  0x0800092c    0x4  startup_stm32f103xb.o [1]
  .text              ro code  0x08000930    0x4  startup_stm32f103xb.o [1]
  .text              ro code  0x08000934    0x4  startup_stm32f103xb.o [1]
  .text              ro code  0x08000938    0x4  startup_stm32f103xb.o [1]
  .text              ro code  0x0800093c    0x4  startup_stm32f103xb.o [1]
  .text              ro code  0x08000940    0x4  startup_stm32f103xb.o [1]
  .text              ro code  0x08000944    0x4  startup_stm32f103xb.o [1]
  .text              ro code  0x08000948    0x4  startup_stm32f103xb.o [1]
  .text              ro code  0x0800094c    0x4  startup_stm32f103xb.o [1]
  .text              ro code  0x08000950    0x4  startup_stm32f103xb.o [1]
  .text              ro code  0x08000954    0x4  startup_stm32f103xb.o [1]
  .text              ro code  0x08000958    0x4  startup_stm32f103xb.o [1]
  .text              ro code  0x0800095c    0x4  startup_stm32f103xb.o [1]
  .text              ro code  0x08000960    0x4  startup_stm32f103xb.o [1]
  .text              ro code  0x08000964    0x4  startup_stm32f103xb.o [1]
  .text              ro code  0x08000968    0x4  startup_stm32f103xb.o [1]
  .text              ro code  0x0800096c    0x4  startup_stm32f103xb.o [1]
  .text              ro code  0x08000970    0x4  startup_stm32f103xb.o [1]
  .text              ro code  0x08000974    0x4  startup_stm32f103xb.o [1]
  .text              ro code  0x08000978    0x4  startup_stm32f103xb.o [1]
  .text              ro code  0x0800097c    0x4  startup_stm32f103xb.o [1]
  .text              ro code  0x08000980    0x4  startup_stm32f103xb.o [1]
  .text              ro code  0x08000984    0x4  startup_stm32f103xb.o [1]
  .text              ro code  0x08000988    0x4  startup_stm32f103xb.o [1]
  .text              ro code  0x0800098c    0x4  startup_stm32f103xb.o [1]
  .text              ro code  0x08000990    0x4  startup_stm32f103xb.o [1]
  .text              ro code  0x08000994    0x4  startup_stm32f103xb.o [1]
  .text              ro code  0x08000998    0x4  startup_stm32f103xb.o [1]
  .text              ro code  0x0800099c    0x4  startup_stm32f103xb.o [1]
  .text              ro code  0x080009a0    0x4  startup_stm32f103xb.o [1]
  .text              ro code  0x080009a4    0x4  startup_stm32f103xb.o [1]
  .text              ro code  0x080009a8    0x4  startup_stm32f103xb.o [1]
  .text              ro code  0x080009ac    0x4  startup_stm32f103xb.o [1]
  .text              ro code  0x080009b0    0x4  startup_stm32f103xb.o [1]
  .text              ro code  0x080009b4    0x4  startup_stm32f103xb.o [1]
  .text              ro code  0x080009b8    0x4  startup_stm32f103xb.o [1]
  .text              ro code  0x080009bc    0x4  startup_stm32f103xb.o [1]
  .text              ro code  0x080009c0    0x4  startup_stm32f103xb.o [1]
  .text              ro code  0x080009c4    0x4  startup_stm32f103xb.o [1]
  .text              ro code  0x080009c8    0x4  startup_stm32f103xb.o [1]
  .text              ro code  0x080009cc    0x4  startup_stm32f103xb.o [1]
  .text              ro code  0x080009d0    0x4  startup_stm32f103xb.o [1]
  .rodata            const    0x080009d4    0x0  copy_init3.o [4]
                            - 0x080009d4  0x8e8

"P2", part 1 of 2:                          0x8
  P2-1                        0x20000000    0x8  <Init block>
    .data            inited   0x20000000    0x4  system_stm32f1xx.o [1]
    .bss             inited   0x20000004    0x4  stm32f1xx_hal.o [1]
                            - 0x20000008    0x8

"P2", part 2 of 2:                        0x400
  CSTACK                      0x20000008  0x400  <Block>
    CSTACK           uninit   0x20000008  0x400  <Block tail>
                            - 0x20000408  0x400


*******************************************************************************
*** INIT TABLE
***

          Address     Size
          -------     ----
Copy (__iar_copy_init3)
    1 source range, total size 0x8:
          0x08000920   0x8
    1 destination range, total size 0x8:
          0x20000000   0x8



*******************************************************************************
*** MODULE SUMMARY
***

    Module                  ro code  ro data  rw data
    ------                  -------  -------  -------
D:\git\STM32F103CBT6\LED\EWARM\LED\Obj: [1]
    main.o                      128
    startup_stm32f103xb.o       424
    stm32f1xx_hal.o             124        4        4
    stm32f1xx_hal_cortex.o      202
    stm32f1xx_hal_msp.o         120
    stm32f1xx_hal_rcc.o       1 198
    stm32f1xx_it.o               30
    system_stm32f1xx.o           92        4        4
    -------------------------------------------------
    Total:                    2 318        8        8

command line: [2]
    -------------------------------------------------
    Total:

dl7M_tlf.a: [3]
    exit.o                        4
    low_level_init.o              4
    -------------------------------------------------
    Total:                        8

rt7M_tl.a: [4]
    cexit.o                      10
    cmain.o                      26
    copy_init3.o                 44
    cstartup_M.o                 12
    data_init.o                  40
    -------------------------------------------------
    Total:                      132

shb_l.a: [5]
    exit.o                       20
    -------------------------------------------------
    Total:                       20

    Gaps                         10
    Linker created                        20    1 024
-----------------------------------------------------
    Grand Total:              2 488       28    1 032


*******************************************************************************
*** ENTRY LIST
***

Entry                      Address   Size  Type      Object
-----                      -------   ----  ----      ------
.iar.init_table$$Base   0x0800087c          --   Gb  - Linker created -
.iar.init_table$$Limit  0x08000890          --   Gb  - Linker created -
?main                   0x080008c1         Code  Gb  cmain.o [4]
AHBPrescTable           0x08000818   0x10  Data  Gb  system_stm32f1xx.o [1]
BusFault_Handler        0x08000897    0x2  Code  Gb  stm32f1xx_it.o [1]
CSTACK$$Base            0x20000008          --   Gb  - Linker created -
CSTACK$$Limit           0x20000408          --   Gb  - Linker created -
DebugMon_Handler        0x0800089d    0x2  Code  Gb  stm32f1xx_it.o [1]
HAL_Delay               0x080005a9   0x18  Code  Wk  stm32f1xx_hal.o [1]
HAL_GetTick             0x0800059d    0xc  Code  Wk  stm32f1xx_hal.o [1]
HAL_IncTick             0x080008b1   0x10  Code  Wk  stm32f1xx_hal.o [1]
HAL_Init                0x08000731   0x20  Code  Gb  stm32f1xx_hal.o [1]
HAL_InitTick            0x080005c1   0x24  Code  Wk  stm32f1xx_hal.o [1]
HAL_MspInit             0x08000755   0x78  Code  Gb  stm32f1xx_hal_msp.o [1]
HAL_NVIC_SetPriority    0x08000619   0x3a  Code  Gb  stm32f1xx_hal_cortex.o [1]
HAL_NVIC_SetPriorityGrouping
                        0x080005ff   0x1a  Code  Gb  stm32f1xx_hal_cortex.o [1]
HAL_RCC_ClockConfig     0x080003eb  0x10c  Code  Gb  stm32f1xx_hal_rcc.o [1]
HAL_RCC_GetHCLKFreq     0x08000559    0x6  Code  Gb  stm32f1xx_hal_rcc.o [1]
HAL_RCC_GetSysClockFreq
                        0x0800051f   0x3a  Code  Gb  stm32f1xx_hal_rcc.o [1]
HAL_RCC_GetSysClockFreq::aPLLMULFactorTable
                        0x08000588   0x10  Data  Lc  stm32f1xx_hal_rcc.o [1]
HAL_RCC_GetSysClockFreq::aPredivFactorTable
                        0x08000598    0x2  Data  Lc  stm32f1xx_hal_rcc.o [1]
HAL_RCC_OscConfig       0x080000ed  0x2d8  Code  Gb  stm32f1xx_hal_rcc.o [1]
HAL_SYSTICK_CLKSourceConfig
                        0x0800067b   0x1a  Code  Gb  stm32f1xx_hal_cortex.o [1]
HAL_SYSTICK_Config      0x08000653   0x28  Code  Gb  stm32f1xx_hal_cortex.o [1]
HAL_SYSTICK_IRQHandler  0x080006a9    0x4  Code  Gb  stm32f1xx_hal_cortex.o [1]
HardFault_Handler       0x08000893    0x2  Code  Gb  stm32f1xx_it.o [1]
MemManage_Handler       0x08000895    0x2  Code  Gb  stm32f1xx_it.o [1]
NMI_Handler             0x08000891    0x2  Code  Gb  stm32f1xx_it.o [1]
NVIC_SetPriority        0x080005e5   0x1a  Code  Lc  stm32f1xx_hal_cortex.o [1]
PendSV_Handler          0x0800089f    0x2  Code  Gb  stm32f1xx_it.o [1]
Region$$Table$$Base     0x0800087c          --   Gb  - Linker created -
Region$$Table$$Limit    0x08000890          --   Gb  - Linker created -
SVC_Handler             0x0800089b    0x2  Code  Gb  stm32f1xx_it.o [1]
SysTick_Handler         0x080008a1    0xe  Code  Gb  stm32f1xx_it.o [1]
SystemClock_Config      0x080006d5   0x5c  Code  Gb  main.o [1]
SystemCoreClock         0x20000000    0x4  Data  Gb  system_stm32f1xx.o [1]
SystemInit              0x080007cd   0x3a  Code  Gb  system_stm32f1xx.o [1]
UsageFault_Handler      0x08000899    0x2  Code  Gb  stm32f1xx_it.o [1]
__cmain                 0x080008c1         Code  Gb  cmain.o [4]
__exit                  0x080008f1   0x14  Code  Gb  exit.o [5]
__iar_copy_init3        0x08000829   0x2c  Code  Gb  copy_init3.o [4]
__iar_data_init3        0x08000855   0x28  Code  Gb  data_init.o [4]
__iar_program_start     0x08000915         Code  Gb  cstartup_M.o [4]
__iar_systems$$module {Abs}
                        0x00000001         Data  Gb  command line/config [2]
__low_level_init        0x080008db    0x4  Code  Gb  low_level_init.o [3]
__vector_table          0x08000000         Data  Gb  startup_stm32f103xb.o [1]
_call_main              0x080008cd         Code  Gb  cmain.o [4]
_exit                   0x080008e5         Code  Gb  cexit.o [4]
_main                   0x080008d7         Code  Gb  cmain.o [4]
exit                    0x080008df    0x4  Code  Gb  exit.o [3]
main                    0x080006b1   0x20  Code  Gb  main.o [1]
uwTick                  0x20000004    0x4  Data  Lc  stm32f1xx_hal.o [1]


[1] = D:\git\STM32F103CBT6\LED\EWARM\LED\Obj
[2] = command line
[3] = dl7M_tlf.a
[4] = rt7M_tl.a
[5] = shb_l.a

  2 488 bytes of readonly  code memory
     28 bytes of readonly  data memory
  1 032 bytes of readwrite data memory

Errors: none
Warnings: none
